<?xml version="1.0" encoding="UTF-8"?>
<TestRun id="a84f40f3-bc85-40ca-8f3a-80537c32d0d4" name="RobertoBrandini@ASUS 2014-05-09 11:45:20" runUser="ASUS\RobertoBrandini" xmlns="http://microsoft.com/schemas/VisualStudio/TeamTest/2010">
  <TestSettings name="Local" id="1a6369a1-9671-46ee-be15-7888b42ca6d0">
    <Description>These are default test settings for a local test run.</Description>
    <Deployment enabled="false" runDeploymentRoot="RobertoBrandini_ASUS 2014-05-09 11_45_20" />
    <Execution>
      <TestTypeSpecific />
      <AgentRule name="Execution Agents">
      </AgentRule>
    </Execution>
  </TestSettings>
  <Times creation="2014-05-09T11:45:20.7057726-03:00" queuing="2014-05-09T11:45:21.1928004-03:00" start="2014-05-09T11:45:21.2538039-03:00" finish="2014-05-09T11:45:21.7528325-03:00" />
  <ResultSummary outcome="Failed">
    <Counters total="2" executed="2" passed="1" error="0" failed="1" timeout="0" aborted="0" inconclusive="0" passedButRunAborted="0" notRunnable="0" notExecuted="0" disconnected="0" warning="0" completed="0" inProgress="0" pending="0" />
  </ResultSummary>
  <TestDefinitions>
    <UnitTest name="TestarErro" storage="c:\dojo_sergipe_exercicios\test01\test01\bin\debug\test01.dll" id="afe8d2a5-c109-cff7-786c-d9bde2f176e2">
      <Execution id="909384a6-4750-4e07-84a5-bf7f8fbaeb74" />
      <TestMethod codeBase="C:/Dojo_Sergipe_Exercicios/Test01/Test01/bin/Debug/Test01.DLL" adapterTypeName="Microsoft.VisualStudio.TestTools.TestTypes.Unit.UnitTestAdapter, Microsoft.VisualStudio.QualityTools.Tips.UnitTest.Adapter, Version=10.0.0.0, Culture=neutral, PublicKeyToken=b03f5f7f11d50a3a" className="Test01.UnitTest1, Test01, Version=1.0.0.0, Culture=neutral, PublicKeyToken=null" name="TestarErro" />
    </UnitTest>
    <UnitTest name="TestMethod1" storage="c:\dojo_sergipe_exercicios\test01\test01\bin\debug\test01.dll" id="003ea1fe-208c-ff9b-dc3b-15c8f4e0489d">
      <Execution id="e236f991-ad64-4649-a8cc-c571d76e443d" />
      <TestMethod codeBase="C:/Dojo_Sergipe_Exercicios/Test01/Test01/bin/Debug/Test01.DLL" adapterTypeName="Microsoft.VisualStudio.TestTools.TestTypes.Unit.UnitTestAdapter, Microsoft.VisualStudio.QualityTools.Tips.UnitTest.Adapter, Version=10.0.0.0, Culture=neutral, PublicKeyToken=b03f5f7f11d50a3a" className="Test01.UnitTest1, Test01, Version=1.0.0.0, Culture=neutral, PublicKeyToken=null" name="TestMethod1" />
    </UnitTest>
  </TestDefinitions>
  <TestLists>
    <TestList name="Results Not in a List" id="8c84fa94-04c1-424b-9868-57a2d4851a1d" />
    <TestList name="All Loaded Results" id="19431567-8539-422a-85d7-44ee4e166bda" />
  </TestLists>
  <TestEntries>
    <TestEntry testId="003ea1fe-208c-ff9b-dc3b-15c8f4e0489d" executionId="e236f991-ad64-4649-a8cc-c571d76e443d" testListId="8c84fa94-04c1-424b-9868-57a2d4851a1d" />
    <TestEntry testId="afe8d2a5-c109-cff7-786c-d9bde2f176e2" executionId="909384a6-4750-4e07-84a5-bf7f8fbaeb74" testListId="8c84fa94-04c1-424b-9868-57a2d4851a1d" />
  </TestEntries>
  <Results>
    <UnitTestResult executionId="e236f991-ad64-4649-a8cc-c571d76e443d" testId="003ea1fe-208c-ff9b-dc3b-15c8f4e0489d" testName="TestMethod1" computerName="ASUS" duration="00:00:00.0143935" startTime="2014-05-09T11:45:21.3238079-03:00" endTime="2014-05-09T11:45:21.6488265-03:00" testType="13cdc9d9-ddb5-4fa4-a97d-d965ccfc6d4b" outcome="Passed" testListId="8c84fa94-04c1-424b-9868-57a2d4851a1d" relativeResultsDirectory="e236f991-ad64-4649-a8cc-c571d76e443d">
    </UnitTestResult>
    <UnitTestResult executionId="909384a6-4750-4e07-84a5-bf7f8fbaeb74" testId="afe8d2a5-c109-cff7-786c-d9bde2f176e2" testName="TestarErro" computerName="ASUS" duration="00:00:00.0609260" startTime="2014-05-09T11:45:21.6518267-03:00" endTime="2014-05-09T11:45:21.7158303-03:00" testType="13cdc9d9-ddb5-4fa4-a97d-d965ccfc6d4b" outcome="Failed" testListId="8c84fa94-04c1-424b-9868-57a2d4851a1d" relativeResultsDirectory="909384a6-4750-4e07-84a5-bf7f8fbaeb74">
      <Output>
        <ErrorInfo>
          <Message>Assert.AreEqual failed. Expected:&lt;0&gt;. Actual:&lt;1&gt;. </Message>
          <StackTrace>   em Test01.UnitTest1.TestarErro() na C:\Dojo_Sergipe_Exercicios\Test01\Test01\UnitTest1.cs:linha 34
</StackTrace>
        </ErrorInfo>
      </Output>
    </UnitTestResult>
  </Results>
</TestRun>